(1700000000.003426) vcan0 180#3501DA0401000000
(1700000000.022236) vcan0 280#F400D40401000000
(1700000000.046994) vcan0 181#0000000001020000
(1700000000.059350) vcan0 281#0000000001020000
(1700000000.101279) vcan0 180#3701DB0401010000
(1700000000.122816) vcan0 280#F700D50401010000
(1700000000.201907) vcan0 180#3701DC0401020000
(1700000000.218188) vcan0 280#FA00D50401020000
(1700000000.297115) vcan0 180#3A01DE0401030000
(1700000000.319579) vcan0 280#FC00D50401030000
(1700000000.400402) vcan0 180#3B01DF0401040000
(1700000000.423370) vcan0 280#FE00D70401040000
(1700000000.496363) vcan0 180#3C01DF0401050000
(1700000000.522563) vcan0 280#0001D80401050000
(1700000000.602349) vcan0 180#3D01E00401060000
(1700000000.617821) vcan0 280#0201D70401060000
(1700000000.700848) vcan0 180#3E01E20401070000
(1700000000.721182) vcan0 280#0501D90401070000
(1700000000.803444) vcan0 180#3F01E10401080000
(1700000000.817088) vcan0 280#0701DA0401080000
(1700000000.903425) vcan0 180#4001E30401090000
(1700000000.920593) vcan0 280#0801DA0401090000
(1700000000.996277) vcan0 180#4101E404010A0000
(1700000001.018216) vcan0 280#0B01DB04010A0000
(1700000001.050576) vcan0 181#0100000001020000
(1700000001.058006) vcan0 281#0100000001020000
(1700000001.098115) vcan0 180#4201E504010B0000
(1700000001.116709) vcan0 280#0C01DB04010B0000
(1700000001.197124) vcan0 180#4301E604010C0000
(1700000001.222899) vcan0 280#0F01DB04010C0000
(1700000001.298985) vcan0 180#4301E604010D0000
(1700000001.323160) vcan0 280#1001DC04010D0000
(1700000001.403456) vcan0 180#4401E704010E0000
(1700000001.420978) vcan0 280#1301DC04010E0000
(1700000001.498152) vcan0 180#4501E804010F0000
(1700000001.516249) vcan0 280#1401DD04010F0000
(1700000001.601212) vcan0 180#4701E80401100000
(1700000001.618603) vcan0 280#1601DE0401100000
(1700000001.703483) vcan0 180#4901EA0401110000
(1700000001.721281) vcan0 280#1801DF0401110000
(1700000001.797639) vcan0 180#4901EA0401120000
(1700000001.823021) vcan0 280#1A01DF0401120000
(1700000001.901790) vcan0 180#4A01E90401130000
(1700000001.922808) vcan0 280#1B01DE0401130000
(1700000001.999943) vcan0 180#4C01EA0401140000
(1700000002.019113) vcan0 280#1E01DF0401140000
(1700000002.053524) vcan0 181#0200000001020000
(1700000002.059007) vcan0 281#0200000001020000
(1700000002.101629) vcan0 180#4B01EC0401150000
(1700000002.119963) vcan0 280#1F01E00401150000
(1700000002.196628) vcan0 180#4D01EB0401160000
(1700000002.222212) vcan0 280#2101DF0401160000
(1700000002.296355) vcan0 180#4D01EC0401170000
(1700000002.317572) vcan0 280#2201E10401170000
(1700000002.397958) vcan0 180#4F01EB0401180000
(1700000002.419872) vcan0 280#2301E10401180000
(1700000002.501319) vcan0 180#4E01EC0401190000
(1700000002.521894) vcan0 280#2401E10401190000
(1700000002.601301) vcan0 180#5101EB04011A0000
(1700000002.616924) vcan0 280#2501E104011A0000
(1700000002.699223) vcan0 180#5101EC04011B0000
(1700000002.722004) vcan0 280#2801E104011B0000
(1700000002.798341) vcan0 180#5101EC04011C0000
(1700000002.817150) vcan0 280#2801E204011C0000
(1700000002.899489) vcan0 180#5301EC04011D0000
(1700000002.917119) vcan0 280#2A01E304011D0000
(1700000002.998512) vcan0 180#5401EC04011E0000
(1700000003.021047) vcan0 280#2B01E204011E0000
(1700000003.050219) vcan0 181#0300000001020000
(1700000003.060483) vcan0 281#0300000001020000
(1700000003.102588) vcan0 180#5301EC04011F0000
(1700000003.123063) vcan0 280#2C01E204011F0000
(1700000003.197179) vcan0 180#5401EC0401200000
(1700000003.220395) vcan0 280#2C01E20401200000
(1700000003.301205) vcan0 180#5501EC0401210000
(1700000003.316585) vcan0 280#2D01E20401210000
(1700000003.403098) vcan0 180#5601EB0401220000
(1700000003.419103) vcan0 280#2F01E10401220000
(1700000003.499089) vcan0 180#5701EA0401230000
(1700000003.523753) vcan0 280#2E01E10401230000
(1700000003.600573) vcan0 180#5701EA0401240000
(1700000003.622305) vcan0 280#3001E10401240000
(1700000003.700148) vcan0 180#5801E90401250000
(1700000003.723640) vcan0 280#3001E20401250000
(1700000003.802685) vcan0 180#5901E90401260000
(1700000003.823457) vcan0 280#3101E20401260000
(1700000003.901148) vcan0 180#5A01E80401270000
(1700000003.918595) vcan0 280#3101E10401270000
(1700000003.996772) vcan0 180#5901E80401280000
(1700000004.016461) vcan0 280#3001E10401280000
(1700000004.053854) vcan0 181#0400000001020000
(1700000004.058333) vcan0 281#0400000001020000
(1700000004.101629) vcan0 180#5B01E70401290000
(1700000004.117824) vcan0 280#3001E00401290000
(1700000004.200381) vcan0 180#5B01E704012A0000
(1700000004.217660) vcan0 280#3101E104012A0000
(1700000004.299976) vcan0 180#5B01E504012B0000
(1700000004.322725) vcan0 280#3201E104012B0000
(1700000004.400734) vcan0 180#5C01E504012C0000
(1700000004.420412) vcan0 280#3101DF04012C0000
(1700000004.497257) vcan0 180#5C01E404012D0000
(1700000004.518969) vcan0 280#3101E004012D0000
(1700000004.597181) vcan0 180#5C01E204012E0000
(1700000004.616934) vcan0 280#3001DF04012E0000
(1700000004.700162) vcan0 180#5D01E204012F0000
(1700000004.718765) vcan0 280#3001DE04012F0000
(1700000004.800475) vcan0 180#5C01E10401300000
(1700000004.820815) vcan0 280#3001DE0401300000
(1700000004.897569) vcan0 180#5E01E00401310000
(1700000004.920815) vcan0 280#2F01DE0401310000
(1700000005.003029) vcan0 180#5D01DF0401320000
(1700000005.017697) vcan0 280#2E01DD0401320000
(1700000005.049809) vcan0 181#0500000001020000
(1700000005.063563) vcan0 281#0500000001020000
(1700000005.103665) vcan0 180#5E01DE0401330000
(1700000005.123974) vcan0 280#2E01DD0401330000
(1700000005.199689) vcan0 180#5E01DD0401340000
(1700000005.218322) vcan0 280#2E01DC0401340000
(1700000005.298952) vcan0 180#5E01DB0401350000
(1700000005.316070) vcan0 280#2C01DB0401350000
(1700000005.397477) vcan0 180#5E01DC0401360000
(1700000005.421705) vcan0 280#2C01DA0401360000
(1700000005.501476) vcan0 180#5E01DA0401370000
(1700000005.517339) vcan0 280#2B01DB0401370000
(1700000005.603485) vcan0 180#5F01DA0401380000
(1700000005.621785) vcan0 280#2A01DA0401380000
(1700000005.703459) vcan0 180#5E01D80401390000
(1700000005.717515) vcan0 280#2901D90401390000
(1700000005.798136) vcan0 180#5E01D704013A0000
(1700000005.819942) vcan0 280#2701D904013A0000
(1700000005.898562) vcan0 180#5E01D504013B0000
(1700000005.923081) vcan0 280#2601D704013B0000
(1700000006.003013) vcan0 180#5E01D504013C0000
(1700000006.022230) vcan0 280#2501D704013C0000
(1700000006.046619) vcan0 181#0600000001020000
(1700000006.063071) vcan0 281#0600000001020000
(1700000006.099842) vcan0 180#5E01D404013D0000
(1700000006.119911) vcan0 280#2401D704013D0000
(1700000006.200523) vcan0 180#5D01D304013E0000
(1700000006.221979) vcan0 280#2101D604013E0000
(1700000006.302666) vcan0 180#5E01D204013F0000
(1700000006.317199) vcan0 280#2101D504013F0000
(1700000006.401603) vcan0 180#5E01D10401400000
(1700000006.418594) vcan0 280#1F01D50401400000
(1700000006.500327) vcan0 180#5D01D00401410000
(1700000006.520116) vcan0 280#1E01D30401410000
(1700000006.598089) vcan0 180#5C01CF0401420000
(1700000006.617094) vcan0 280#1B01D30401420000
(1700000006.697358) vcan0 180#5C01CF0401430000
(1700000006.723327) vcan0 280#1A01D30401430000
(1700000006.801803) vcan0 180#5C01CD0401440000
(1700000006.820171) vcan0 280#1801D20401440000
(1700000006.903974) vcan0 180#5B01CD0401450000
(1700000006.919137) vcan0 280#1601D10401450000
(1700000007.001902) vcan0 180#5C01CC0401460000
(1700000007.018676) vcan0 280#1501D10401460000
(1700000007.052480) vcan0 181#0700000001020000
(1700000007.063032) vcan0 281#0700000001020000
(1700000007.100360) vcan0 180#5C01CB0401470000
(1700000007.120593) vcan0 280#1301D00401470000
(1700000007.198217) vcan0 180#5B01CB0401480000
(1700000007.217624) vcan0 280#1001CF0401480000
(1700000007.302930) vcan0 180#5B01CA0401490000
(1700000007.321219) vcan0 280#0E01CF0401490000
(1700000007.403285) vcan0 180#5901CA04014A0000
(1700000007.423382) vcan0 280#0D01CE04014A0000
(1700000007.501221) vcan0 180#5A01CA04014B0000
(1700000007.519343) vcan0 280#0B01CE04014B0000
(1700000007.603353) vcan0 180#5901C904014C0000
(1700000007.623310) vcan0 280#0901CD04014C0000
(1700000007.698531) vcan0 180#5801C904014D0000
(1700000007.720179) vcan0 280#0701CD04014D0000
(1700000007.802098) vcan0 180#5801C804014E0000
(1700000007.819098) vcan0 280#0401CC04014E0000
(1700000007.903926) vcan0 180#5701C804014F0000
(1700000007.918661) vcan0 280#0201CB04014F0000
(1700000007.999588) vcan0 180#5701C80401500000
(1700000008.023244) vcan0 280#0001CB0401500000
(1700000008.046428) vcan0 181#0800000001020000
(1700000008.058999) vcan0 281#0800000001020000
(1700000008.098847) vcan0 180#5501C90401510000
(1700000008.117199) vcan0 280#FF00CB0401510000
(1700000008.196437) vcan0 180#5501C90401520000
(1700000008.217822) vcan0 280#FC00CA0401520000
(1700000008.297729) vcan0 180#5501C80401530000
(1700000008.316577) vcan0 280#FA00C90401530000
(1700000008.398247) vcan0 180#5401C80401540000
(1700000008.421310) vcan0 280#F700C90401540000
(1700000008.497329) vcan0 180#5401C80401550000
(1700000008.519840) vcan0 280#F500C90401550000
(1700000008.599248) vcan0 180#5201C90401560000
(1700000008.619413) vcan0 280#F200C80401560000
(1700000008.697369) vcan0 180#5101C90401570000
(1700000008.721785) vcan0 280#F000C70401570000
(1700000008.803510) vcan0 180#5101C90401580000
(1700000008.821841) vcan0 280#EF00C70401580000
(1700000008.903719) vcan0 180#5101C90401590000
(1700000008.918861) vcan0 280#ED00C70401590000
(1700000009.001221) vcan0 180#5001CA04015A0000
(1700000009.019634) vcan0 280#EB00C704015A0000
(1700000009.052650) vcan0 181#0900000001020000
(1700000009.059659) vcan0 281#0900000001020000
(1700000009.102124) vcan0 180#4F01CA04015B0000
(1700000009.117390) vcan0 280#E800C604015B0000
(1700000009.202624) vcan0 180#4E01CB04015C0000
(1700000009.219448) vcan0 280#E600C704015C0000
(1700000009.302571) vcan0 180#4D01CC04015D0000
(1700000009.318287) vcan0 280#E400C604015D0000
(1700000009.403376) vcan0 180#4C01CC04015E0000
(1700000009.419659) vcan0 280#E100C504015E0000
(1700000009.497421) vcan0 180#4B01CC04015F0000
(1700000009.523299) vcan0 280#E000C604015F0000
(1700000009.599576) vcan0 180#4B01CD0401600000
(1700000009.618319) vcan0 280#DD00C60401600000
(1700000009.699457) vcan0 180#4901CE0401610000
(1700000009.721005) vcan0 280#DB00C60401610000
(1700000009.800890) vcan0 180#4701CF0401620000
(1700000009.818992) vcan0 280#D900C60401620000
(1700000009.898101) vcan0 180#4701D00401630000
(1700000009.920237) vcan0 280#D700C60401630000
(1700000009.996114) vcan0 180#4701D00401640000
(1700000010.047023) vcan0 181#0A00000001020000
(1700000010.101230) vcan0 180#4501D10401650000
(1700000010.199231) vcan0 180#4401D20401660000
(1700000010.300469) vcan0 180#4301D40401670000
(1700000010.396872) vcan0 180#4101D40401680000
(1700000010.496127) vcan0 180#4101D50401690000
(1700000010.596525) vcan0 180#3F01D604016A0000
(1700000010.703009) vcan0 180#3F01D604016B0000
(1700000010.797624) vcan0 180#3E01D904016C0000
(1700000010.902572) vcan0 180#3C01D904016D0000
(1700000010.996080) vcan0 180#3B01DA04016E0000
(1700000011.048515) vcan0 181#0B00000001020000
(1700000011.100645) vcan0 180#3B01DA04016F0000
(1700000011.197967) vcan0 180#3801DC0401700000
(1700000011.299202) vcan0 180#3801DC0401710000
(1700000011.399480) vcan0 180#3701DE0401720000
(1700000011.503444) vcan0 180#3601E00401730000
(1700000011.596751) vcan0 180#3401E10401740000
(1700000011.698289) vcan0 180#3301E10401750000
(1700000011.802580) vcan0 180#3301E20401760000
(1700000011.897490) vcan0 180#3101E30401770000
(1700000011.999983) vcan0 180#3101E40401780000
(1700000012.017241) vcan0 280#BB00CE0401000000
(1700000012.047148) vcan0 181#0C00000001020000
(1700000012.062409) vcan0 281#0000000001030000
(1700000012.102105) vcan0 180#3001E40401790000
(1700000012.118071) vcan0 280#BB00CE0401010000
(1700000012.198971) vcan0 180#2F01E504017A0000
(1700000012.218620) vcan0 280#BA00CE0401020000
(1700000012.302470) vcan0 180#2D01E604017B0000
(1700000012.322351) vcan0 280#BA00CF0401030000
(1700000012.399462) vcan0 180#2D01E704017C0000
(1700000012.422465) vcan0 280#BA00CF0401040000
(1700000012.496007) vcan0 180#2B01E804017D0000
(1700000012.520247) vcan0 280#B900D10401050000
(1700000012.603100) vcan0 180#2A01E804017E0000
(1700000012.616796) vcan0 280#B900D10401060000
(1700000012.697685) vcan0 180#2901E904017F0000
(1700000012.719704) vcan0 280#B900D10401070000
(1700000012.803504) vcan0 180#2801EA0401800000
(1700000012.822520) vcan0 280#B900D20401080000
(1700000012.898642) vcan0 180#2701EA0401810000
(1700000012.916754) vcan0 280#B900D40401090000
(1700000012.998535) vcan0 180#2601EA0401820000
(1700000013.023116) vcan0 280#BA00D304010A0000
(1700000013.046197) vcan0 181#0D00000001020000
(1700000013.059914) vcan0 281#0100000001030000
(1700000013.099206) vcan0 180#2501EB0401830000
(1700000013.118319) vcan0 280#B900D504010B0000
(1700000013.200175) vcan0 180#2501EC0401840000
(1700000013.218835) vcan0 280#BA00D504010C0000
(1700000013.296355) vcan0 180#2301EC0401850000
(1700000013.322342) vcan0 280#BB00D604010D0000
(1700000013.398422) vcan0 180#2301EB0401860000
(1700000013.423837) vcan0 280#BB00D704010E0000
(1700000013.500738) vcan0 180#2101EC0401870000
(1700000013.523133) vcan0 280#BB00D804010F0000
(1700000013.603367) vcan0 180#2001EC0401880000
(1700000013.622441) vcan0 280#BB00D80401100000
(1700000013.699925) vcan0 180#1F01ED0401890000
(1700000013.722832) vcan0 280#BD00D90401110000
(1700000013.797836) vcan0 180#1F01EC04018A0000
(1700000013.819176) vcan0 280#BE00D90401120000
(1700000013.901365) vcan0 180#1D01EC04018B0000
(1700000013.918207) vcan0 280#BE00DA0401130000
(1700000014.000788) vcan0 180#1D01EC04018C0000
(1700000014.021771) vcan0 280#C000DA0401140000
(1700000014.047423) vcan0 181#0E00000001020000
(1700000014.058467) vcan0 281#0200000001030000
(1700000014.103607) vcan0 180#1C01EC04018D0000
(1700000014.121700) vcan0 280#C000DC0401150000
(1700000014.199400) vcan0 180#1C01EB04018E0000
(1700000014.217144) vcan0 280#C200DC0401160000
(1700000014.297105) vcan0 180#1A01EA04018F0000
(1700000014.321764) vcan0 280#C300DC0401170000
(1700000014.403021) vcan0 180#1A01EB0401900000
(1700000014.419298) vcan0 280#C400DC0401180000
(1700000014.503092) vcan0 180#1901EA0401910000
(1700000014.516617) vcan0 280#C500DD0401190000
(1700000014.602475) vcan0 180#1801E90401920000
(1700000014.618296) vcan0 280#C700DE04011A0000
(1700000014.700970) vcan0 180#1701EA0401930000
(1700000014.720881) vcan0 280#C700DF04011B0000
(1700000014.801168) vcan0 180#1601E90401940000
(1700000014.823490) vcan0 280#CA00DE04011C0000
(1700000014.902784) vcan0 180#1601E90401950000
(1700000014.922264) vcan0 280#CB00DE04011D0000
(1700000014.999696) vcan0 180#1601E80401960000
(1700000015.018275) vcan0 280#CC00E004011E0000
(1700000015.047857) vcan0 181#0F00000001020000
(1700000015.058888) vcan0 281#0300000001030000
(1700000015.100822) vcan0 180#1501E80401970000
(1700000015.119654) vcan0 280#CE00E004011F0000
(1700000015.202995) vcan0 180#1401E60401980000
(1700000015.221918) vcan0 280#D100E00401200000
(1700000015.301943) vcan0 180#1401E50401990000
(1700000015.319817) vcan0 280#D200E10401210000
(1700000015.399922) vcan0 180#1301E504019A0000
(1700000015.416874) vcan0 280#D300E10401220000
(1700000015.497219) vcan0 180#1201E404019B0000
(1700000015.519652) vcan0 280#D500E00401230000
(1700000015.603885) vcan0 180#1201E304019C0000
(1700000015.619586) vcan0 280#D700E20401240000
(1700000015.696469) vcan0 180#1101E204019D0000
(1700000015.718846) vcan0 280#D900E20401250000
(1700000015.801294) vcan0 180#1101E104019E0000
(1700000015.822573) vcan0 280#DC00E20401260000
(1700000015.900895) vcan0 180#1001E104019F0000
(1700000015.920625) vcan0 280#DE00E20401270000
(1700000016.001110) vcan0 180#1101DF0401A00000
(1700000016.018944) vcan0 280#DF00E10401280000
(1700000016.051963) vcan0 181#1000000001020000
(1700000016.063069) vcan0 281#0400000001030000
(1700000016.102177) vcan0 180#1101DF0401A10000
(1700000016.123445) vcan0 280#E200E20401290000
(1700000016.198797) vcan0 180#1001DD0401A20000
(1700000016.223490) vcan0 280#E400E204012A0000
(1700000016.296462) vcan0 180#0F01DD0401A30000
(1700000016.319494) vcan0 280#E500E204012B0000
(1700000016.400775) vcan0 180#0F01DA0401A40000
(1700000016.421174) vcan0 280#E800E204012C0000
(1700000016.501318) vcan0 180#0F01D90401A50000
(1700000016.520196) vcan0 280#EA00E204012D0000
(1700000016.598297) vcan0 180#0F01D90401A60000
(1700000016.617382) vcan0 280#EC00E304012E0000
(1700000016.702197) vcan0 180#0E01D80401A70000
(1700000016.716316) vcan0 280#EE00E104012F0000
(1700000016.803821) vcan0 180#0F01D70401A80000
(1700000016.817191) vcan0 280#F100E10401300000
(1700000016.901661) vcan0 180#0F01D60401A90000
(1700000016.917894) vcan0 280#F300E10401310000
(1700000016.999830) vcan0 180#0E01D50401AA0000
(1700000017.019636) vcan0 280#F500E10401320000
(1700000017.053920) vcan0 181#1100000001020000
(1700000017.057899) vcan0 281#0500000001030000
(1700000017.103983) vcan0 180#0E01D40401AB0000
(1700000017.123062) vcan0 280#F700E00401330000
(1700000017.196804) vcan0 180#0F01D30401AC0000
(1700000017.220878) vcan0 280#FA00E00401340000
(1700000017.303092) vcan0 180#0D01D10401AD0000
(1700000017.323348) vcan0 280#FC00E10401350000
(1700000017.397998) vcan0 180#0E01D10401AE0000
(1700000017.423310) vcan0 280#FE00E00401360000
(1700000017.498118) vcan0 180#0E01D00401AF0000
(1700000017.517949) vcan0 280#0101DF0401370000
(1700000017.600284) vcan0 180#0E01CF0401B00000
(1700000017.618348) vcan0 280#0201DE0401380000
(1700000017.700002) vcan0 180#0E01CE0401B10000
(1700000017.722327) vcan0 280#0401DE0401390000
(1700000017.799831) vcan0 180#0E01CE0401B20000
(1700000017.822819) vcan0 280#0701DF04013A0000
(1700000017.902745) vcan0 180#0F01CD0401B30000
(1700000017.919976) vcan0 280#0801DE04013B0000
(1700000017.999458) vcan0 180#0F01CC0401B40000
(1700000018.020833) vcan0 280#0B01DD04013C0000
(1700000018.049539) vcan0 181#1200000001020000
(1700000018.063149) vcan0 281#0600000001030000
(1700000018.099079) vcan0 180#0F01CC0401B50000
(1700000018.118972) vcan0 280#0C01DD04013D0000
(1700000018.199426) vcan0 180#0F01CB0401B60000
(1700000018.220240) vcan0 280#0F01DB04013E0000
(1700000018.300528) vcan0 180#0F01CB0401B70000
(1700000018.323430) vcan0 280#1101DC04013F0000
(1700000018.400917) vcan0 180#1001C90401B80000
(1700000018.422508) vcan0 280#1301DA0401400000
(1700000018.500830) vcan0 180#1101C90401B90000
(1700000018.519360) vcan0 280#1501DA0401410000
(1700000018.600347) vcan0 180#1001C90401BA0000
(1700000018.622873) vcan0 280#1701DA0401420000
(1700000018.697512) vcan0 180#1101CA0401BB0000
(1700000018.720899) vcan0 280#1801D90401430000
(1700000018.799065) vcan0 180#1201C80401BC0000
(1700000018.822929) vcan0 280#1B01D90401440000
(1700000018.902001) vcan0 180#1201C80401BD0000
(1700000018.923388) vcan0 280#1C01D80401450000
(1700000018.996305) vcan0 180#1301C80401BE0000
(1700000019.017101) vcan0 280#1E01D70401460000
(1700000019.046242) vcan0 181#1300000001020000
(1700000019.057471) vcan0 281#0700000001030000
(1700000019.096240) vcan0 180#1301C70401BF0000
(1700000019.117740) vcan0 280#1F01D70401470000
(1700000019.201264) vcan0 180#1401C90401C00000
(1700000019.217574) vcan0 280#2101D60401480000
(1700000019.296306) vcan0 180#1401C80401C10000
(1700000019.321095) vcan0 280#2201D50401490000
(1700000019.398597) vcan0 180#1501C80401C20000
(1700000019.422480) vcan0 280#2301D504014A0000
(1700000019.502815) vcan0 180#1601C80401C30000
(1700000019.516383) vcan0 280#2501D404014B0000
(1700000019.602629) vcan0 180#1701C80401C40000
(1700000019.623072) vcan0 280#2601D404014C0000
(1700000019.696565) vcan0 180#1601C90401C50000
(1700000019.723712) vcan0 280#2701D204014D0000
(1700000019.803170) vcan0 180#1801C80401C60000
(1700000019.818221) vcan0 280#2901D104014E0000
(1700000019.898954) vcan0 180#1801CA0401C70000
(1700000019.917463) vcan0 280#2A01D104014F0000
